// Jest Snapshot v1, https://goo.gl/fbAQLP

exports[`<GuestBookList /> renders as expected 1`] = `
<div
  id="recommended-book-list"
/>
`;
